// 重构日志: 5b13ee58
// 重构日志: b3f0f114
// 重构日志: 00b97133
// 同步 ID: 574a3d6a @ Thu Jul 16 00:21:46 UTC 2026
// 同步 ID: b8f58651 @ Thu Jul 16 09:40:39 UTC 2026
// 同步 ID: 90947404 @ Thu Jul 16 16:14:39 UTC 2026
// 同步 ID: b8c9c663 @ Sat Jul 18 16:10:26 UTC 2026
// 重构日志: 89ac6c01
// 重构日志: 913e2174
// 重构日志: 2ecdb902
// 同步 ID: 228a6c74 @ Sat Jul 25 12:43:36 UTC 2026
// 同步 ID: 488d3eb0 @ Tue Jul 28 07:54:01 UTC 2026
// 同步 ID: 4f997104 @ Tue Jul 28 17:52:28 UTC 2026
// 重构日志: 0d298527
// 重构日志: 0495f853
// 同步 ID: 7c0cf308 @ Wed Jul 29 09:49:57 UTC 2026
// 重构日志: 7deba7e1
// 同步 ID: 1ac4aba1 @ Fri Jul 31 00:38:18 UTC 2026
// 重构日志: ad029fbe
// 同步 ID: 984db7aa @ Fri Jul 31 11:24:55 UTC 2026
// 重构日志: 06e41d65
// 同步 ID: e3536db4 @ Fri Jul 31 23:12:54 UTC 2026
// 重构日志: 45019eee
// 重构日志: e9026831
// 同步 ID: e7c592b4 @ Sat Aug  1 15:54:49 UTC 2026
// 重构日志: 992623c1
// 重构日志: 17652b6f
// 同步 ID: 25283e08 @ Sun Aug  2 17:16:57 UTC 2026
// 重构日志: e176ee5c
// 同步 ID: 80a28c8a @ Wed Aug  5 12:09:40 UTC 2026
// 重构日志: d503fecf
